2025-03-13T12:31:36.951+07:00  INFO 20752 --- [be-service] [main] c.b.s.be_service.BeServiceApplication    : Starting BeServiceApplication using Java 23.0.1 with PID 20752 (D:\Workspace\NCKH\Website\love (2)\love\be-saigon-360\target\classes started by Duong in D:\Workspace\NCKH\Website\love (2)\love\be-saigon-360)
2025-03-13T12:31:36.967+07:00  INFO 20752 --- [be-service] [main] c.b.s.be_service.BeServiceApplication    : No active profile set, falling back to 1 default profile: "default"
2025-03-13T12:31:38.589+07:00  INFO 20752 --- [be-service] [main] o.s.b.f.s.DefaultListableBeanFactory     : Overriding bean definition for bean 'jpaAuditingHandler' with an equivalent definition: replacing [Root bean: class=org.springframework.data.auditing.AuditingHandler; scope=; abstract=false; lazyInit=null; autowireMode=2; dependencyCheck=0; autowireCandidate=true; primary=false; fallback=false; factoryBeanName=null; factoryMethodName=from; initMethodNames=null; destroyMethodNames=null] with [Root bean: class=org.springframework.data.auditing.AuditingHandler; scope=; abstract=false; lazyInit=null; autowireMode=2; dependencyCheck=0; autowireCandidate=true; primary=false; fallback=false; factoryBeanName=null; factoryMethodName=from; initMethodNames=null; destroyMethodNames=null]
2025-03-13T12:31:38.590+07:00  INFO 20752 --- [be-service] [main] o.s.b.f.s.DefaultListableBeanFactory     : Overriding bean definition for bean 'org.springframework.data.jpa.domain.support.AuditingEntityListener' with an equivalent definition: replacing [Root bean: class=org.springframework.data.jpa.domain.support.AuditingEntityListener; scope=; abstract=false; lazyInit=null; autowireMode=0; dependencyCheck=0; autowireCandidate=true; primary=false; fallback=false; factoryBeanName=null; factoryMethodName=null; initMethodNames=null; destroyMethodNames=null] with [Root bean: class=org.springframework.data.jpa.domain.support.AuditingEntityListener; scope=; abstract=false; lazyInit=null; autowireMode=0; dependencyCheck=0; autowireCandidate=true; primary=false; fallback=false; factoryBeanName=null; factoryMethodName=null; initMethodNames=null; destroyMethodNames=null]
2025-03-13T12:31:38.591+07:00  INFO 20752 --- [be-service] [main] o.s.b.f.s.DefaultListableBeanFactory     : Overriding bean definition for bean 'org.springframework.data.jpa.domain.support.AuditingBeanFactoryPostProcessor' with an equivalent definition: replacing [Root bean: class=org.springframework.data.jpa.domain.support.AuditingBeanFactoryPostProcessor; scope=; abstract=false; lazyInit=null; autowireMode=0; dependencyCheck=0; autowireCandidate=true; primary=false; fallback=false; factoryBeanName=null; factoryMethodName=null; initMethodNames=null; destroyMethodNames=null] with [Root bean: class=org.springframework.data.jpa.domain.support.AuditingBeanFactoryPostProcessor; scope=; abstract=false; lazyInit=null; autowireMode=0; dependencyCheck=0; autowireCandidate=true; primary=false; fallback=false; factoryBeanName=null; factoryMethodName=null; initMethodNames=null; destroyMethodNames=null]
2025-03-13T12:31:39.045+07:00  INFO 20752 --- [be-service] [main] .s.d.r.c.RepositoryConfigurationDelegate : Bootstrapping Spring Data JPA repositories in DEFAULT mode.
2025-03-13T12:31:39.320+07:00  INFO 20752 --- [be-service] [main] .s.d.r.c.RepositoryConfigurationDelegate : Finished Spring Data repository scanning in 263 ms. Found 7 JPA repository interfaces.
2025-03-13T12:31:41.102+07:00  INFO 20752 --- [be-service] [main] o.s.b.w.embedded.tomcat.TomcatWebServer  : Tomcat initialized with port 8386 (http)
2025-03-13T12:31:41.145+07:00  INFO 20752 --- [be-service] [main] o.apache.catalina.core.StandardService   : Starting service [Tomcat]
2025-03-13T12:31:41.152+07:00  INFO 20752 --- [be-service] [main] o.apache.catalina.core.StandardEngine    : Starting Servlet engine: [Apache Tomcat/10.1.34]
2025-03-13T12:31:41.296+07:00  INFO 20752 --- [be-service] [main] o.a.c.c.C.[Tomcat].[localhost].[/]       : Initializing Spring embedded WebApplicationContext
2025-03-13T12:31:41.298+07:00  INFO 20752 --- [be-service] [main] w.s.c.ServletWebServerApplicationContext : Root WebApplicationContext: initialization completed in 4142 ms
2025-03-13T12:31:41.635+07:00  INFO 20752 --- [be-service] [main] com.zaxxer.hikari.HikariDataSource       : HikariPool-1 - Starting...
2025-03-13T12:31:42.047+07:00  INFO 20752 --- [be-service] [main] com.zaxxer.hikari.pool.HikariPool        : HikariPool-1 - Added connection org.postgresql.jdbc.PgConnection@5f409872
2025-03-13T12:31:42.050+07:00  INFO 20752 --- [be-service] [main] com.zaxxer.hikari.HikariDataSource       : HikariPool-1 - Start completed.
2025-03-13T12:31:42.412+07:00  INFO 20752 --- [be-service] [main] liquibase.database                       : Set default schema name to public
2025-03-13T12:31:43.544+07:00  INFO 20752 --- [be-service] [main] liquibase.changelog                      : Reading from public.databasechangelog
2025-03-13T12:31:43.659+07:00  INFO 20752 --- [be-service] [main] liquibase.changelog                      : Change failed validation!
2025-03-13T12:31:43.663+07:00  INFO 20752 --- [be-service] [main] liquibase.command                        : Logging exception.
2025-03-13T12:31:43.664+07:00  INFO 20752 --- [be-service] [main] liquibase.ui                             : ERROR: Exception Details
2025-03-13T12:31:43.665+07:00  INFO 20752 --- [be-service] [main] liquibase.ui                             : ERROR: Exception Primary Class:  ValidationFailedException
2025-03-13T12:31:43.665+07:00  INFO 20752 --- [be-service] [main] liquibase.ui                             : ERROR: Exception Primary Reason:  Validation Failed:
     2 changesets check sum
          db/changelogs/changesets/001-structure-database.xml::001-import-structure::howlanh was: 9:78919cebfdfda4af28e3440a054db6a0 but is now: 9:aa1fbbcc11ba9169d0ad4e82ef23e59f
          db/changelogs/changesets/002-seed-data.xml::001-seed-data::howlanh was: 9:0a4ea878c1ed5df2b7b6c9e47090bb3a but is now: 9:467698be0e835679330d0d6da5bbc216

2025-03-13T12:31:43.666+07:00  INFO 20752 --- [be-service] [main] liquibase.ui                             : ERROR: Exception Primary Source:  4.29.2
2025-03-13T12:31:43.668+07:00  INFO 20752 --- [be-service] [main] liquibase.command                        : Command execution complete
2025-03-13T12:31:43.671+07:00  WARN 20752 --- [be-service] [main] ConfigServletWebServerApplicationContext : Exception encountered during context initialization - cancelling refresh attempt: org.springframework.beans.factory.BeanCreationException: Error creating bean with name 'entityManagerFactory' defined in class path resource [org/springframework/boot/autoconfigure/orm/jpa/HibernateJpaConfiguration.class]: Failed to initialize dependency 'liquibase' of LoadTimeWeaverAware bean 'entityManagerFactory': Error creating bean with name 'liquibase' defined in class path resource [org/springframework/boot/autoconfigure/liquibase/LiquibaseAutoConfiguration$LiquibaseConfiguration.class]: liquibase.exception.CommandExecutionException: liquibase.exception.ValidationFailedException: Validation Failed:
     2 changesets check sum
          db/changelogs/changesets/001-structure-database.xml::001-import-structure::howlanh was: 9:78919cebfdfda4af28e3440a054db6a0 but is now: 9:aa1fbbcc11ba9169d0ad4e82ef23e59f
          db/changelogs/changesets/002-seed-data.xml::001-seed-data::howlanh was: 9:0a4ea878c1ed5df2b7b6c9e47090bb3a but is now: 9:467698be0e835679330d0d6da5bbc216

2025-03-13T12:31:43.672+07:00  INFO 20752 --- [be-service] [main] com.zaxxer.hikari.HikariDataSource       : HikariPool-1 - Shutdown initiated...
2025-03-13T12:31:43.685+07:00  INFO 20752 --- [be-service] [main] com.zaxxer.hikari.HikariDataSource       : HikariPool-1 - Shutdown completed.
2025-03-13T12:31:43.691+07:00  INFO 20752 --- [be-service] [main] o.apache.catalina.core.StandardService   : Stopping service [Tomcat]
2025-03-13T12:31:43.711+07:00  INFO 20752 --- [be-service] [main] .s.b.a.l.ConditionEvaluationReportLogger : 

Error starting ApplicationContext. To display the condition evaluation report re-run your application with 'debug' enabled.
2025-03-13T12:31:43.744+07:00 ERROR 20752 --- [be-service] [main] o.s.boot.SpringApplication               : Application run failed

org.springframework.beans.factory.BeanCreationException: Error creating bean with name 'entityManagerFactory' defined in class path resource [org/springframework/boot/autoconfigure/orm/jpa/HibernateJpaConfiguration.class]: Failed to initialize dependency 'liquibase' of LoadTimeWeaverAware bean 'entityManagerFactory': Error creating bean with name 'liquibase' defined in class path resource [org/springframework/boot/autoconfigure/liquibase/LiquibaseAutoConfiguration$LiquibaseConfiguration.class]: liquibase.exception.CommandExecutionException: liquibase.exception.ValidationFailedException: Validation Failed:
     2 changesets check sum
          db/changelogs/changesets/001-structure-database.xml::001-import-structure::howlanh was: 9:78919cebfdfda4af28e3440a054db6a0 but is now: 9:aa1fbbcc11ba9169d0ad4e82ef23e59f
          db/changelogs/changesets/002-seed-data.xml::001-seed-data::howlanh was: 9:0a4ea878c1ed5df2b7b6c9e47090bb3a but is now: 9:467698be0e835679330d0d6da5bbc216

	at org.springframework.beans.factory.support.AbstractBeanFactory.doGetBean(AbstractBeanFactory.java:325) ~[spring-beans-6.2.2.jar:6.2.2]
	at org.springframework.beans.factory.support.AbstractBeanFactory.getBean(AbstractBeanFactory.java:204) ~[spring-beans-6.2.2.jar:6.2.2]
	at org.springframework.context.support.AbstractApplicationContext.finishBeanFactoryInitialization(AbstractApplicationContext.java:970) ~[spring-context-6.2.2.jar:6.2.2]
	at org.springframework.context.support.AbstractApplicationContext.refresh(AbstractApplicationContext.java:627) ~[spring-context-6.2.2.jar:6.2.2]
	at org.springframework.boot.web.servlet.context.ServletWebServerApplicationContext.refresh(ServletWebServerApplicationContext.java:146) ~[spring-boot-3.4.2.jar:3.4.2]
	at org.springframework.boot.SpringApplication.refresh(SpringApplication.java:752) ~[spring-boot-3.4.2.jar:3.4.2]
	at org.springframework.boot.SpringApplication.refreshContext(SpringApplication.java:439) ~[spring-boot-3.4.2.jar:3.4.2]
	at org.springframework.boot.SpringApplication.run(SpringApplication.java:318) ~[spring-boot-3.4.2.jar:3.4.2]
	at org.springframework.boot.SpringApplication.run(SpringApplication.java:1361) ~[spring-boot-3.4.2.jar:3.4.2]
	at org.springframework.boot.SpringApplication.run(SpringApplication.java:1350) ~[spring-boot-3.4.2.jar:3.4.2]
	at com.be_servicie.saigon_travel.be_service.BeServiceApplication.main(BeServiceApplication.java:16) ~[classes/:na]
Caused by: org.springframework.beans.factory.BeanCreationException: Error creating bean with name 'liquibase' defined in class path resource [org/springframework/boot/autoconfigure/liquibase/LiquibaseAutoConfiguration$LiquibaseConfiguration.class]: liquibase.exception.CommandExecutionException: liquibase.exception.ValidationFailedException: Validation Failed:
     2 changesets check sum
          db/changelogs/changesets/001-structure-database.xml::001-import-structure::howlanh was: 9:78919cebfdfda4af28e3440a054db6a0 but is now: 9:aa1fbbcc11ba9169d0ad4e82ef23e59f
          db/changelogs/changesets/002-seed-data.xml::001-seed-data::howlanh was: 9:0a4ea878c1ed5df2b7b6c9e47090bb3a but is now: 9:467698be0e835679330d0d6da5bbc216

	at org.springframework.beans.factory.support.AbstractAutowireCapableBeanFactory.initializeBean(AbstractAutowireCapableBeanFactory.java:1812) ~[spring-beans-6.2.2.jar:6.2.2]
	at org.springframework.beans.factory.support.AbstractAutowireCapableBeanFactory.doCreateBean(AbstractAutowireCapableBeanFactory.java:601) ~[spring-beans-6.2.2.jar:6.2.2]
	at org.springframework.beans.factory.support.AbstractAutowireCapableBeanFactory.createBean(AbstractAutowireCapableBeanFactory.java:523) ~[spring-beans-6.2.2.jar:6.2.2]
	at org.springframework.beans.factory.support.AbstractBeanFactory.lambda$doGetBean$0(AbstractBeanFactory.java:336) ~[spring-beans-6.2.2.jar:6.2.2]
	at org.springframework.beans.factory.support.DefaultSingletonBeanRegistry.getSingleton(DefaultSingletonBeanRegistry.java:307) ~[spring-beans-6.2.2.jar:6.2.2]
	at org.springframework.beans.factory.support.AbstractBeanFactory.doGetBean(AbstractBeanFactory.java:334) ~[spring-beans-6.2.2.jar:6.2.2]
	at org.springframework.beans.factory.support.AbstractBeanFactory.getBean(AbstractBeanFactory.java:199) ~[spring-beans-6.2.2.jar:6.2.2]
	at org.springframework.beans.factory.support.AbstractBeanFactory.doGetBean(AbstractBeanFactory.java:312) ~[spring-beans-6.2.2.jar:6.2.2]
	... 10 common frames omitted
Caused by: liquibase.exception.UnexpectedLiquibaseException: liquibase.exception.CommandExecutionException: liquibase.exception.ValidationFailedException: Validation Failed:
     2 changesets check sum
          db/changelogs/changesets/001-structure-database.xml::001-import-structure::howlanh was: 9:78919cebfdfda4af28e3440a054db6a0 but is now: 9:aa1fbbcc11ba9169d0ad4e82ef23e59f
          db/changelogs/changesets/002-seed-data.xml::001-seed-data::howlanh was: 9:0a4ea878c1ed5df2b7b6c9e47090bb3a but is now: 9:467698be0e835679330d0d6da5bbc216

	at liquibase.integration.spring.SpringLiquibase.afterPropertiesSet(SpringLiquibase.java:267) ~[liquibase-core-4.29.2.jar:na]
	at org.springframework.beans.factory.support.AbstractAutowireCapableBeanFactory.invokeInitMethods(AbstractAutowireCapableBeanFactory.java:1859) ~[spring-beans-6.2.2.jar:6.2.2]
	at org.springframework.beans.factory.support.AbstractAutowireCapableBeanFactory.initializeBean(AbstractAutowireCapableBeanFactory.java:1808) ~[spring-beans-6.2.2.jar:6.2.2]
	... 17 common frames omitted
Caused by: liquibase.exception.CommandExecutionException: liquibase.exception.ValidationFailedException: Validation Failed:
     2 changesets check sum
          db/changelogs/changesets/001-structure-database.xml::001-import-structure::howlanh was: 9:78919cebfdfda4af28e3440a054db6a0 but is now: 9:aa1fbbcc11ba9169d0ad4e82ef23e59f
          db/changelogs/changesets/002-seed-data.xml::001-seed-data::howlanh was: 9:0a4ea878c1ed5df2b7b6c9e47090bb3a but is now: 9:467698be0e835679330d0d6da5bbc216

	at liquibase.command.CommandScope.execute(CommandScope.java:258) ~[liquibase-core-4.29.2.jar:na]
	at liquibase.Liquibase.lambda$update$0(Liquibase.java:216) ~[liquibase-core-4.29.2.jar:na]
	at liquibase.Scope.lambda$child$0(Scope.java:191) ~[liquibase-core-4.29.2.jar:na]
	at liquibase.Scope.child(Scope.java:200) ~[liquibase-core-4.29.2.jar:na]
	at liquibase.Scope.child(Scope.java:190) ~[liquibase-core-4.29.2.jar:na]
	at liquibase.Scope.child(Scope.java:169) ~[liquibase-core-4.29.2.jar:na]
	at liquibase.Liquibase.runInScope(Liquibase.java:1329) ~[liquibase-core-4.29.2.jar:na]
	at liquibase.Liquibase.update(Liquibase.java:205) ~[liquibase-core-4.29.2.jar:na]
	at liquibase.Liquibase.update(Liquibase.java:188) ~[liquibase-core-4.29.2.jar:na]
	at liquibase.integration.spring.SpringLiquibase.performUpdate(SpringLiquibase.java:305) ~[liquibase-core-4.29.2.jar:na]
	at liquibase.integration.spring.SpringLiquibase.lambda$afterPropertiesSet$0(SpringLiquibase.java:257) ~[liquibase-core-4.29.2.jar:na]
	at liquibase.Scope.lambda$child$0(Scope.java:191) ~[liquibase-core-4.29.2.jar:na]
	at liquibase.Scope.child(Scope.java:200) ~[liquibase-core-4.29.2.jar:na]
	at liquibase.Scope.child(Scope.java:190) ~[liquibase-core-4.29.2.jar:na]
	at liquibase.Scope.child(Scope.java:169) ~[liquibase-core-4.29.2.jar:na]
	at liquibase.Scope.child(Scope.java:257) ~[liquibase-core-4.29.2.jar:na]
	at liquibase.integration.spring.SpringLiquibase.afterPropertiesSet(SpringLiquibase.java:250) ~[liquibase-core-4.29.2.jar:na]
	... 19 common frames omitted
Caused by: liquibase.exception.ValidationFailedException: Validation Failed:
     2 changesets check sum
          db/changelogs/changesets/001-structure-database.xml::001-import-structure::howlanh was: 9:78919cebfdfda4af28e3440a054db6a0 but is now: 9:aa1fbbcc11ba9169d0ad4e82ef23e59f
          db/changelogs/changesets/002-seed-data.xml::001-seed-data::howlanh was: 9:0a4ea878c1ed5df2b7b6c9e47090bb3a but is now: 9:467698be0e835679330d0d6da5bbc216

	at liquibase.changelog.DatabaseChangeLog.validate(DatabaseChangeLog.java:398) ~[liquibase-core-4.29.2.jar:na]
	at liquibase.command.core.helpers.DatabaseChangelogCommandStep.run(DatabaseChangelogCommandStep.java:92) ~[liquibase-core-4.29.2.jar:na]
	at liquibase.command.CommandScope.execute(CommandScope.java:220) ~[liquibase-core-4.29.2.jar:na]
	... 35 common frames omitted

2025-03-13T12:32:39.757+07:00  INFO 7540 --- [be-service] [main] c.b.s.be_service.BeServiceApplication    : Starting BeServiceApplication using Java 23.0.1 with PID 7540 (D:\Workspace\NCKH\Website\love (2)\love\be-saigon-360\target\classes started by Duong in D:\Workspace\NCKH\Website\love (2)\love\be-saigon-360)
2025-03-13T12:32:39.765+07:00  INFO 7540 --- [be-service] [main] c.b.s.be_service.BeServiceApplication    : No active profile set, falling back to 1 default profile: "default"
2025-03-13T12:32:40.929+07:00  INFO 7540 --- [be-service] [main] o.s.b.f.s.DefaultListableBeanFactory     : Overriding bean definition for bean 'jpaAuditingHandler' with an equivalent definition: replacing [Root bean: class=org.springframework.data.auditing.AuditingHandler; scope=; abstract=false; lazyInit=null; autowireMode=2; dependencyCheck=0; autowireCandidate=true; primary=false; fallback=false; factoryBeanName=null; factoryMethodName=from; initMethodNames=null; destroyMethodNames=null] with [Root bean: class=org.springframework.data.auditing.AuditingHandler; scope=; abstract=false; lazyInit=null; autowireMode=2; dependencyCheck=0; autowireCandidate=true; primary=false; fallback=false; factoryBeanName=null; factoryMethodName=from; initMethodNames=null; destroyMethodNames=null]
2025-03-13T12:32:40.930+07:00  INFO 7540 --- [be-service] [main] o.s.b.f.s.DefaultListableBeanFactory     : Overriding bean definition for bean 'org.springframework.data.jpa.domain.support.AuditingEntityListener' with an equivalent definition: replacing [Root bean: class=org.springframework.data.jpa.domain.support.AuditingEntityListener; scope=; abstract=false; lazyInit=null; autowireMode=0; dependencyCheck=0; autowireCandidate=true; primary=false; fallback=false; factoryBeanName=null; factoryMethodName=null; initMethodNames=null; destroyMethodNames=null] with [Root bean: class=org.springframework.data.jpa.domain.support.AuditingEntityListener; scope=; abstract=false; lazyInit=null; autowireMode=0; dependencyCheck=0; autowireCandidate=true; primary=false; fallback=false; factoryBeanName=null; factoryMethodName=null; initMethodNames=null; destroyMethodNames=null]
2025-03-13T12:32:40.931+07:00  INFO 7540 --- [be-service] [main] o.s.b.f.s.DefaultListableBeanFactory     : Overriding bean definition for bean 'org.springframework.data.jpa.domain.support.AuditingBeanFactoryPostProcessor' with an equivalent definition: replacing [Root bean: class=org.springframework.data.jpa.domain.support.AuditingBeanFactoryPostProcessor; scope=; abstract=false; lazyInit=null; autowireMode=0; dependencyCheck=0; autowireCandidate=true; primary=false; fallback=false; factoryBeanName=null; factoryMethodName=null; initMethodNames=null; destroyMethodNames=null] with [Root bean: class=org.springframework.data.jpa.domain.support.AuditingBeanFactoryPostProcessor; scope=; abstract=false; lazyInit=null; autowireMode=0; dependencyCheck=0; autowireCandidate=true; primary=false; fallback=false; factoryBeanName=null; factoryMethodName=null; initMethodNames=null; destroyMethodNames=null]
2025-03-13T12:32:41.319+07:00  INFO 7540 --- [be-service] [main] .s.d.r.c.RepositoryConfigurationDelegate : Bootstrapping Spring Data JPA repositories in DEFAULT mode.
2025-03-13T12:32:41.572+07:00  INFO 7540 --- [be-service] [main] .s.d.r.c.RepositoryConfigurationDelegate : Finished Spring Data repository scanning in 240 ms. Found 7 JPA repository interfaces.
2025-03-13T12:32:43.438+07:00  INFO 7540 --- [be-service] [main] o.s.b.w.embedded.tomcat.TomcatWebServer  : Tomcat initialized with port 8386 (http)
2025-03-13T12:32:43.469+07:00  INFO 7540 --- [be-service] [main] o.apache.catalina.core.StandardService   : Starting service [Tomcat]
2025-03-13T12:32:43.470+07:00  INFO 7540 --- [be-service] [main] o.apache.catalina.core.StandardEngine    : Starting Servlet engine: [Apache Tomcat/10.1.34]
2025-03-13T12:32:43.610+07:00  INFO 7540 --- [be-service] [main] o.a.c.c.C.[Tomcat].[localhost].[/]       : Initializing Spring embedded WebApplicationContext
2025-03-13T12:32:43.611+07:00  INFO 7540 --- [be-service] [main] w.s.c.ServletWebServerApplicationContext : Root WebApplicationContext: initialization completed in 3736 ms
2025-03-13T12:32:44.247+07:00  INFO 7540 --- [be-service] [main] com.zaxxer.hikari.HikariDataSource       : HikariPool-1 - Starting...
2025-03-13T12:32:44.827+07:00  INFO 7540 --- [be-service] [main] com.zaxxer.hikari.pool.HikariPool        : HikariPool-1 - Added connection org.postgresql.jdbc.PgConnection@775f15fd
2025-03-13T12:32:44.832+07:00  INFO 7540 --- [be-service] [main] com.zaxxer.hikari.HikariDataSource       : HikariPool-1 - Start completed.
2025-03-13T12:32:45.241+07:00  INFO 7540 --- [be-service] [main] liquibase.database                       : Set default schema name to public
2025-03-13T12:32:46.377+07:00  INFO 7540 --- [be-service] [main] liquibase.changelog                      : Creating database history table with name: public.databasechangelog
2025-03-13T12:32:46.462+07:00  INFO 7540 --- [be-service] [main] liquibase.changelog                      : Reading from public.databasechangelog
2025-03-13T12:32:46.550+07:00  INFO 7540 --- [be-service] [main] liquibase.lockservice                    : Successfully acquired change log lock
2025-03-13T12:32:46.553+07:00  INFO 7540 --- [be-service] [main] liquibase.command                        : Using deploymentId: 1843966553
2025-03-13T12:32:46.555+07:00  INFO 7540 --- [be-service] [main] liquibase.changelog                      : Reading from public.databasechangelog
2025-03-13T12:32:46.581+07:00  INFO 7540 --- [be-service] [main] liquibase.ui                             : Running Changeset: db/changelogs/changesets/001-structure-database.xml::001-import-structure::howlanh
2025-03-13T12:32:46.749+07:00  INFO 7540 --- [be-service] [main] liquibase.changelog                      : SQL in file ../scripts/structure.sql executed
2025-03-13T12:32:46.754+07:00  INFO 7540 --- [be-service] [main] liquibase.changelog                      : ChangeSet db/changelogs/changesets/001-structure-database.xml::001-import-structure::howlanh ran successfully in 170ms
2025-03-13T12:32:46.779+07:00  INFO 7540 --- [be-service] [main] liquibase.ui                             : Running Changeset: db/changelogs/changesets/002-seed-data.xml::001-seed-data::howlanh
2025-03-13T12:32:46.897+07:00  INFO 7540 --- [be-service] [main] liquibase.changelog                      : SQL in file ../scripts/insert-data.sql executed
2025-03-13T12:32:46.899+07:00  INFO 7540 --- [be-service] [main] liquibase.changelog                      : ChangeSet db/changelogs/changesets/002-seed-data.xml::001-seed-data::howlanh ran successfully in 118ms
2025-03-13T12:32:46.915+07:00  INFO 7540 --- [be-service] [main] liquibase.util                           : UPDATE SUMMARY
2025-03-13T12:32:46.916+07:00  INFO 7540 --- [be-service] [main] liquibase.util                           : Run:                          2
2025-03-13T12:32:46.916+07:00  INFO 7540 --- [be-service] [main] liquibase.util                           : Previously run:               0
2025-03-13T12:32:46.916+07:00  INFO 7540 --- [be-service] [main] liquibase.util                           : Filtered out:                 0
2025-03-13T12:32:46.916+07:00  INFO 7540 --- [be-service] [main] liquibase.util                           : -------------------------------
2025-03-13T12:32:46.917+07:00  INFO 7540 --- [be-service] [main] liquibase.util                           : Total change sets:            2
2025-03-13T12:32:46.919+07:00  INFO 7540 --- [be-service] [main] liquibase.util                           : Update summary generated
2025-03-13T12:32:46.924+07:00  INFO 7540 --- [be-service] [main] liquibase.command                        : Update command completed successfully.
2025-03-13T12:32:46.926+07:00  INFO 7540 --- [be-service] [main] liquibase.ui                             : Liquibase: Update has been successful. Rows affected: 24
2025-03-13T12:32:46.931+07:00  INFO 7540 --- [be-service] [main] liquibase.lockservice                    : Successfully released change log lock
2025-03-13T12:32:46.934+07:00  INFO 7540 --- [be-service] [main] liquibase.command                        : Command execution complete
2025-03-13T12:32:47.108+07:00  INFO 7540 --- [be-service] [main] o.hibernate.jpa.internal.util.LogHelper  : HHH000204: Processing PersistenceUnitInfo [name: default]
2025-03-13T12:32:47.198+07:00  INFO 7540 --- [be-service] [main] org.hibernate.Version                    : HHH000412: Hibernate ORM core version 6.6.5.Final
2025-03-13T12:32:47.260+07:00  INFO 7540 --- [be-service] [main] o.h.c.internal.RegionFactoryInitiator    : HHH000026: Second-level cache disabled
2025-03-13T12:32:47.591+07:00  INFO 7540 --- [be-service] [main] o.s.o.j.p.SpringPersistenceUnitInfo      : No LoadTimeWeaver setup: ignoring JPA class transformer
2025-03-13T12:32:47.644+07:00  WARN 7540 --- [be-service] [main] org.hibernate.orm.deprecation            : HHH90000025: PostgreSQLDialect does not need to be specified explicitly using 'hibernate.dialect' (remove the property setting and it will be selected by default)
2025-03-13T12:32:47.657+07:00  INFO 7540 --- [be-service] [main] org.hibernate.orm.connections.pooling    : HHH10001005: Database info:
	Database JDBC URL [Connecting through datasource 'HikariDataSource (HikariPool-1)']
	Database driver: undefined/unknown
	Database version: 17.2
	Autocommit mode: undefined/unknown
	Isolation level: undefined/unknown
	Minimum pool size: undefined/unknown
	Maximum pool size: undefined/unknown
2025-03-13T12:32:48.872+07:00  INFO 7540 --- [be-service] [main] o.h.e.t.j.p.i.JtaPlatformInitiator       : HHH000489: No JTA platform available (set 'hibernate.transaction.jta.platform' to enable JTA platform integration)
2025-03-13T12:32:48.876+07:00  INFO 7540 --- [be-service] [main] j.LocalContainerEntityManagerFactoryBean : Initialized JPA EntityManagerFactory for persistence unit 'default'
2025-03-13T12:32:49.748+07:00  INFO 7540 --- [be-service] [main] o.s.d.j.r.query.QueryEnhancerFactory     : Hibernate is in classpath; If applicable, HQL parser will be used.
2025-03-13T12:32:50.693+07:00  WARN 7540 --- [be-service] [main] JpaBaseConfiguration$JpaWebConfiguration : spring.jpa.open-in-view is enabled by default. Therefore, database queries may be performed during view rendering. Explicitly configure spring.jpa.open-in-view to disable this warning
2025-03-13T12:32:50.837+07:00  WARN 7540 --- [be-service] [main] o.s.w.s.resource.ResourceHandlerUtils    : Appended trailing slash to static resource location: classpath:/files/images/**/
2025-03-13T12:32:52.169+07:00  INFO 7540 --- [be-service] [main] o.s.b.w.embedded.tomcat.TomcatWebServer  : Tomcat started on port 8386 (http) with context path '/'
2025-03-13T12:32:52.182+07:00  INFO 7540 --- [be-service] [main] c.b.s.be_service.BeServiceApplication    : Started BeServiceApplication in 13.209 seconds (process running for 13.675)
2025-03-13T12:33:14.727+07:00  INFO 7540 --- [be-service] [SpringApplicationShutdownHook] o.s.b.w.e.tomcat.GracefulShutdown        : Commencing graceful shutdown. Waiting for active requests to complete
2025-03-13T12:33:14.752+07:00  INFO 7540 --- [be-service] [tomcat-shutdown] o.s.b.w.e.tomcat.GracefulShutdown        : Graceful shutdown complete
2025-03-13T12:33:16.868+07:00  INFO 7540 --- [be-service] [SpringApplicationShutdownHook] j.LocalContainerEntityManagerFactoryBean : Closing JPA EntityManagerFactory for persistence unit 'default'
2025-03-13T12:33:16.871+07:00  INFO 7540 --- [be-service] [SpringApplicationShutdownHook] com.zaxxer.hikari.HikariDataSource       : HikariPool-1 - Shutdown initiated...
2025-03-13T12:33:16.882+07:00  INFO 7540 --- [be-service] [SpringApplicationShutdownHook] com.zaxxer.hikari.HikariDataSource       : HikariPool-1 - Shutdown completed.
2025-03-13T12:33:53.004+07:00  INFO 332 --- [be-service] [main] c.b.s.b.BeServiceApplicationTests        : Starting BeServiceApplicationTests using Java 23.0.1 with PID 332 (started by Duong in D:\Workspace\NCKH\Website\love (2)\love\be-saigon-360)
2025-03-13T12:33:53.006+07:00  INFO 332 --- [be-service] [main] c.b.s.b.BeServiceApplicationTests        : No active profile set, falling back to 1 default profile: "default"
2025-03-13T12:33:54.093+07:00  INFO 332 --- [be-service] [main] o.s.b.f.s.DefaultListableBeanFactory     : Overriding bean definition for bean 'jpaAuditingHandler' with an equivalent definition: replacing [Root bean: class=org.springframework.data.auditing.AuditingHandler; scope=; abstract=false; lazyInit=null; autowireMode=2; dependencyCheck=0; autowireCandidate=true; primary=false; fallback=false; factoryBeanName=null; factoryMethodName=from; initMethodNames=null; destroyMethodNames=null] with [Root bean: class=org.springframework.data.auditing.AuditingHandler; scope=; abstract=false; lazyInit=null; autowireMode=2; dependencyCheck=0; autowireCandidate=true; primary=false; fallback=false; factoryBeanName=null; factoryMethodName=from; initMethodNames=null; destroyMethodNames=null]
2025-03-13T12:33:54.095+07:00  INFO 332 --- [be-service] [main] o.s.b.f.s.DefaultListableBeanFactory     : Overriding bean definition for bean 'org.springframework.data.jpa.domain.support.AuditingEntityListener' with an equivalent definition: replacing [Root bean: class=org.springframework.data.jpa.domain.support.AuditingEntityListener; scope=; abstract=false; lazyInit=null; autowireMode=0; dependencyCheck=0; autowireCandidate=true; primary=false; fallback=false; factoryBeanName=null; factoryMethodName=null; initMethodNames=null; destroyMethodNames=null] with [Root bean: class=org.springframework.data.jpa.domain.support.AuditingEntityListener; scope=; abstract=false; lazyInit=null; autowireMode=0; dependencyCheck=0; autowireCandidate=true; primary=false; fallback=false; factoryBeanName=null; factoryMethodName=null; initMethodNames=null; destroyMethodNames=null]
2025-03-13T12:33:54.095+07:00  INFO 332 --- [be-service] [main] o.s.b.f.s.DefaultListableBeanFactory     : Overriding bean definition for bean 'org.springframework.data.jpa.domain.support.AuditingBeanFactoryPostProcessor' with an equivalent definition: replacing [Root bean: class=org.springframework.data.jpa.domain.support.AuditingBeanFactoryPostProcessor; scope=; abstract=false; lazyInit=null; autowireMode=0; dependencyCheck=0; autowireCandidate=true; primary=false; fallback=false; factoryBeanName=null; factoryMethodName=null; initMethodNames=null; destroyMethodNames=null] with [Root bean: class=org.springframework.data.jpa.domain.support.AuditingBeanFactoryPostProcessor; scope=; abstract=false; lazyInit=null; autowireMode=0; dependencyCheck=0; autowireCandidate=true; primary=false; fallback=false; factoryBeanName=null; factoryMethodName=null; initMethodNames=null; destroyMethodNames=null]
2025-03-13T12:33:54.394+07:00  INFO 332 --- [be-service] [main] .s.d.r.c.RepositoryConfigurationDelegate : Bootstrapping Spring Data JPA repositories in DEFAULT mode.
2025-03-13T12:33:54.655+07:00  INFO 332 --- [be-service] [main] .s.d.r.c.RepositoryConfigurationDelegate : Finished Spring Data repository scanning in 243 ms. Found 7 JPA repository interfaces.
2025-03-13T12:33:55.836+07:00  INFO 332 --- [be-service] [main] com.zaxxer.hikari.HikariDataSource       : HikariPool-1 - Starting...
2025-03-13T12:33:56.153+07:00  INFO 332 --- [be-service] [main] com.zaxxer.hikari.pool.HikariPool        : HikariPool-1 - Added connection org.postgresql.jdbc.PgConnection@58b97c15
2025-03-13T12:33:56.154+07:00  INFO 332 --- [be-service] [main] com.zaxxer.hikari.HikariDataSource       : HikariPool-1 - Start completed.
2025-03-13T12:33:56.386+07:00  INFO 332 --- [be-service] [main] liquibase.database                       : Set default schema name to public
2025-03-13T12:33:57.371+07:00  INFO 332 --- [be-service] [main] liquibase.changelog                      : Reading from public.databasechangelog
2025-03-13T12:33:57.470+07:00  INFO 332 --- [be-service] [main] liquibase.ui                             : Database is up to date, no changesets to execute
2025-03-13T12:33:57.472+07:00  INFO 332 --- [be-service] [main] liquibase.changelog                      : Reading from public.databasechangelog
2025-03-13T12:33:57.483+07:00  INFO 332 --- [be-service] [main] liquibase.util                           : UPDATE SUMMARY
2025-03-13T12:33:57.483+07:00  INFO 332 --- [be-service] [main] liquibase.util                           : Run:                          0
2025-03-13T12:33:57.483+07:00  INFO 332 --- [be-service] [main] liquibase.util                           : Previously run:               2
2025-03-13T12:33:57.483+07:00  INFO 332 --- [be-service] [main] liquibase.util                           : Filtered out:                 0
2025-03-13T12:33:57.484+07:00  INFO 332 --- [be-service] [main] liquibase.util                           : -------------------------------
2025-03-13T12:33:57.484+07:00  INFO 332 --- [be-service] [main] liquibase.util                           : Total change sets:            2
2025-03-13T12:33:57.486+07:00  INFO 332 --- [be-service] [main] liquibase.util                           : Update summary generated
2025-03-13T12:33:57.487+07:00  INFO 332 --- [be-service] [main] liquibase.command                        : Command execution complete
2025-03-13T12:33:57.654+07:00  INFO 332 --- [be-service] [main] o.hibernate.jpa.internal.util.LogHelper  : HHH000204: Processing PersistenceUnitInfo [name: default]
2025-03-13T12:33:57.748+07:00  INFO 332 --- [be-service] [main] org.hibernate.Version                    : HHH000412: Hibernate ORM core version 6.6.5.Final
2025-03-13T12:33:57.785+07:00  INFO 332 --- [be-service] [main] o.h.c.internal.RegionFactoryInitiator    : HHH000026: Second-level cache disabled
2025-03-13T12:33:58.091+07:00  INFO 332 --- [be-service] [main] o.s.o.j.p.SpringPersistenceUnitInfo      : No LoadTimeWeaver setup: ignoring JPA class transformer
2025-03-13T12:33:58.146+07:00  WARN 332 --- [be-service] [main] org.hibernate.orm.deprecation            : HHH90000025: PostgreSQLDialect does not need to be specified explicitly using 'hibernate.dialect' (remove the property setting and it will be selected by default)
2025-03-13T12:33:58.167+07:00  INFO 332 --- [be-service] [main] org.hibernate.orm.connections.pooling    : HHH10001005: Database info:
	Database JDBC URL [Connecting through datasource 'HikariDataSource (HikariPool-1)']
	Database driver: undefined/unknown
	Database version: 17.2
	Autocommit mode: undefined/unknown
	Isolation level: undefined/unknown
	Minimum pool size: undefined/unknown
	Maximum pool size: undefined/unknown
2025-03-13T12:33:59.668+07:00  INFO 332 --- [be-service] [main] o.h.e.t.j.p.i.JtaPlatformInitiator       : HHH000489: No JTA platform available (set 'hibernate.transaction.jta.platform' to enable JTA platform integration)
2025-03-13T12:33:59.673+07:00  INFO 332 --- [be-service] [main] j.LocalContainerEntityManagerFactoryBean : Initialized JPA EntityManagerFactory for persistence unit 'default'
2025-03-13T12:34:00.618+07:00  INFO 332 --- [be-service] [main] o.s.d.j.r.query.QueryEnhancerFactory     : Hibernate is in classpath; If applicable, HQL parser will be used.
2025-03-13T12:34:01.720+07:00  WARN 332 --- [be-service] [main] JpaBaseConfiguration$JpaWebConfiguration : spring.jpa.open-in-view is enabled by default. Therefore, database queries may be performed during view rendering. Explicitly configure spring.jpa.open-in-view to disable this warning
2025-03-13T12:34:01.956+07:00  WARN 332 --- [be-service] [main] o.s.w.s.resource.ResourceHandlerUtils    : Appended trailing slash to static resource location: classpath:/files/images/**/
2025-03-13T12:34:03.906+07:00  INFO 332 --- [be-service] [main] c.b.s.b.BeServiceApplicationTests        : Started BeServiceApplicationTests in 11.453 seconds (process running for 12.946)
2025-03-13T12:34:06.819+07:00  INFO 332 --- [be-service] [SpringApplicationShutdownHook] j.LocalContainerEntityManagerFactoryBean : Closing JPA EntityManagerFactory for persistence unit 'default'
2025-03-13T12:34:06.824+07:00  INFO 332 --- [be-service] [SpringApplicationShutdownHook] com.zaxxer.hikari.HikariDataSource       : HikariPool-1 - Shutdown initiated...
2025-03-13T12:34:06.835+07:00  INFO 332 --- [be-service] [SpringApplicationShutdownHook] com.zaxxer.hikari.HikariDataSource       : HikariPool-1 - Shutdown completed.
